{smcl}
{com}{sf}{ul off}{txt}{.-}
      name:  {res}<unnamed>
       {txt}log:  {res}C:\Users\bella\Desktop\식자경4-2\정보처리분석\log\20211020log.smcl
  {txt}log type:  {res}smcl
 {txt}opened on:  {res}20 Oct 2021, 01:01:24

{com}. use "C:\Users\bella\Desktop\식자경4-2\정보처리분석\hw1_정보처리.dta", clear

. de

{txt}Contains data from {res}C:\Users\bella\Desktop\식자경4-2\정보처리분석\hw1_정보처리.dta
{txt}  obs:{res}            15                          
{txt} vars:{res}             9                          2 Oct 2021 20:06
{txt} size:{res}           270                          
{txt}{hline}
              storage  display     value
variable name   type   format      label      variable label
{hline}
{p 0 48}{res}{bind:year           }{txt}{bind: int    }{bind:{txt}%10.0g     }{space 1}{bind:         }{bind:  }{res}{res}year{p_end}
{p 0 48}{bind:acr_jn         }{txt}{bind: int    }{bind:{txt}%10.0g     }{space 1}{bind:         }{bind:  }{res}{res}acr_jn{p_end}
{p 0 48}{bind:acr_kb         }{txt}{bind: int    }{bind:{txt}%10.0g     }{space 1}{bind:         }{bind:  }{res}{res}acr_kb{p_end}
{p 0 48}{bind:acr_kn         }{txt}{bind: int    }{bind:{txt}%10.0g     }{space 1}{bind:         }{bind:  }{res}{res}acr_kn{p_end}
{p 0 48}{bind:acr_jj         }{txt}{bind: int    }{bind:{txt}%10.0g     }{space 1}{bind:         }{bind:  }{res}{res}acr_jj{p_end}
{p 0 48}{bind:yd_jn          }{txt}{bind: int    }{bind:{txt}%10.0g     }{space 1}{bind:         }{bind:  }{res}{res}yd_jn{p_end}
{p 0 48}{bind:yd_kb          }{txt}{bind: int    }{bind:{txt}%10.0g     }{space 1}{bind:         }{bind:  }{res}{res}yd_kb{p_end}
{p 0 48}{bind:yd_kn          }{txt}{bind: int    }{bind:{txt}%10.0g     }{space 1}{bind:         }{bind:  }{res}{res}yd_kn{p_end}
{p 0 48}{bind:yd_jj          }{txt}{bind: int    }{bind:{txt}%10.0g     }{space 1}{bind:         }{bind:  }{res}{res}yd_jj{p_end}
{txt}{hline}
Sorted by:  

{com}. stack year acr_jn yd_jn year acr_kb yd_kb year acr_kn yd_kn year acr_jj yd_jj, group(4)
{txt}Warning:  data in memory will be lost.
         Press any key to continue, Ctrl-Break to abort.

{com}. format %9.0gc acr_jn

. format %9.0gc yd_jn

. de

{txt}Contains data
  obs:{res}            60                          
{txt} vars:{res}             4                          
{txt} size:{res}           480                          
{txt}{hline}
              storage  display     value
variable name   type   format      label      variable label
{hline}
{p 0 48}{res}{bind:_stack         }{txt}{bind: int    }{bind:{txt}%8.0g      }{space 1}{bind:         }{bind:  }{res}{res}{p_end}
{p 0 48}{bind:year           }{txt}{bind: int    }{bind:{txt}%8.0g      }{space 1}{bind:         }{bind:  }{res}{res}{p_end}
{p 0 48}{bind:acr_jn         }{txt}{bind: int    }{bind:{txt}%9.0gc     }{space 1}{bind:         }{bind:  }{res}{res}{p_end}
{p 0 48}{bind:yd_jn          }{txt}{bind: int    }{bind:{txt}%9.0gc     }{space 1}{bind:         }{bind:  }{res}{res}{p_end}
{txt}{hline}
Sorted by:  
{res}     Note:  dataset has changed since last saved

{com}. rename _stack region
{res}
{com}. rename acr_jn acre
{res}
{com}. rename yd_jn yield
{res}
{com}. de

{txt}Contains data
  obs:{res}            60                          
{txt} vars:{res}             4                          
{txt} size:{res}           480                          
{txt}{hline}
              storage  display     value
variable name   type   format      label      variable label
{hline}
{p 0 48}{res}{bind:region         }{txt}{bind: int    }{bind:{txt}%8.0g      }{space 1}{bind:         }{bind:  }{res}{res}{p_end}
{p 0 48}{bind:year           }{txt}{bind: int    }{bind:{txt}%8.0g      }{space 1}{bind:         }{bind:  }{res}{res}{p_end}
{p 0 48}{bind:acre           }{txt}{bind: int    }{bind:{txt}%9.0gc     }{space 1}{bind:         }{bind:  }{res}{res}{p_end}
{p 0 48}{bind:yield          }{txt}{bind: int    }{bind:{txt}%9.0gc     }{space 1}{bind:         }{bind:  }{res}{res}{p_end}
{txt}{hline}
Sorted by:  
{res}     Note:  dataset has changed since last saved

{com}. label variable region "지역(도)"

. label variable year "연도"

. label variable acre "재배면적(ha)"

. label variable yield "단수(kg/10a)"

. label define 1 "전남" 2 "경북" 3 "경남" 4 "제주"
{err}1 invalid name
{txt}{search r(198):r(198);}

{com}. label define region 1 "전남" 2 "경북" 3 "경남" 4 "제주"

. tab region, gen(dum_region)

   {txt}지역(도) {c |}      Freq.     Percent        Cum.
{hline 12}{c +}{hline 35}
          1 {c |}{res}         15       25.00       25.00
{txt}          2 {c |}{res}         15       25.00       50.00
{txt}          3 {c |}{res}         15       25.00       75.00
{txt}          4 {c |}{res}         15       25.00      100.00
{txt}{hline 12}{c +}{hline 35}
      Total {c |}{res}         60      100.00

{com}. sum yield

{txt}    Variable {c |}       Obs        Mean    Std. Dev.       Min        Max
{hline 13}{c +}{hline 56}
{space 7}yield {c |}{res}        60    6463.483    735.8326       5091       8386

{com}. gen max_yield=8386

. gen gap_yd=max_yield - yield

. db tabstat

. tabstat acre yield, statistics( mean max skewness sd min kurtosis )

{txt}   stats {...}
{c |}{...}
      acre     yield
{hline 9}{c +}{hline 20}
{ralign 8:mean} {...}
{c |}{...}
 {res}   4123.6  6463.483
{txt}{ralign 8:max} {...}
{c |}{...}
 {res}    12166      8386
{txt}{ralign 8:skewness} {...}
{c |}{...}
 {res} 1.033907  .4829919
{txt}{ralign 8:sd} {...}
{c |}{...}
 {res}  3411.31  735.8326
{txt}{ralign 8:min} {...}
{c |}{...}
 {res}      621      5091
{txt}{ralign 8:kurtosis} {...}
{c |}{...}
 {res} 2.752875  2.990551
{txt}{hline 9}{c BT}{hline 20}

{com}. db tabstat

. by region, sort : tabstat acre yield, statistics( mean max skewness sd min kurtosis )

{txt}{hline}
-> region = 1

   stats {...}
{c |}{...}
      acre     yield
{hline 9}{c +}{hline 20}
{ralign 8:mean} {...}
{c |}{...}
 {res} 9509.267  6098.733
{txt}{ralign 8:max} {...}
{c |}{...}
 {res}    12166      7395
{txt}{ralign 8:skewness} {...}
{c |}{...}
 {res} .1614579  .4859549
{txt}{ralign 8:sd} {...}
{c |}{...}
 {res} 1673.149  601.9359
{txt}{ralign 8:min} {...}
{c |}{...}
 {res}     6658      5123
{txt}{ralign 8:kurtosis} {...}
{c |}{...}
 {res} 2.097881  2.774659
{txt}{hline 9}{c BT}{hline 20}

{hline}
-> region = 2

   stats {...}
{c |}{...}
      acre     yield
{hline 9}{c +}{hline 20}
{ralign 8:mean} {...}
{c |}{...}
 {res} 2515.067      6760
{txt}{ralign 8:max} {...}
{c |}{...}
 {res}     3401      7955
{txt}{ralign 8:skewness} {...}
{c |}{...}
 {res} .5516024  .0345912
{txt}{ralign 8:sd} {...}
{c |}{...}
 {res} 425.5642  709.9158
{txt}{ralign 8:min} {...}
{c |}{...}
 {res}     1835      5592
{txt}{ralign 8:kurtosis} {...}
{c |}{...}
 {res} 2.813345  2.309934
{txt}{hline 9}{c BT}{hline 20}

{hline}
-> region = 3

   stats {...}
{c |}{...}
      acre     yield
{hline 9}{c +}{hline 20}
{ralign 8:mean} {...}
{c |}{...}
 {res} 3527.667      6744
{txt}{ralign 8:max} {...}
{c |}{...}
 {res}     5294      8386
{txt}{ralign 8:skewness} {...}
{c |}{...}
 {res} .3505858  .4001051
{txt}{ralign 8:sd} {...}
{c |}{...}
 {res} 971.4499  860.1555
{txt}{ralign 8:min} {...}
{c |}{...}
 {res}     2161      5264
{txt}{ralign 8:kurtosis} {...}
{c |}{...}
 {res} 1.929654  2.555836
{txt}{hline 9}{c BT}{hline 20}

{hline}
-> region = 4

   stats {...}
{c |}{...}
      acre     yield
{hline 9}{c +}{hline 20}
{ralign 8:mean} {...}
{c |}{...}
 {res}    942.4    6251.2
{txt}{ralign 8:max} {...}
{c |}{...}
 {res}     1319      7220
{txt}{ralign 8:skewness} {...}
{c |}{...}
 {res} .5558147 -.1520849
{txt}{ralign 8:sd} {...}
{c |}{...}
 {res} 211.5061  553.4506
{txt}{ralign 8:min} {...}
{c |}{...}
 {res}      621      5091
{txt}{ralign 8:kurtosis} {...}
{c |}{...}
 {res} 2.051651  2.907289
{txt}{hline 9}{c BT}{hline 20}

{com}. clear

. use "C:\Users\bella\Desktop\식자경4-2\정보처리분석\★정보처리분석 데이터\STATA 기초적 이해와 활용\auto.dta", clear
{txt}(1978 Automobile Data)

{com}. su price

{txt}    Variable {c |}       Obs        Mean    Std. Dev.       Min        Max
{hline 13}{c +}{hline 56}
{space 7}price {c |}{res}        74    6165.257    2949.496       3291      15906

{com}. su price, detail

                            {txt}Price
{hline 61}
      Percentiles      Smallest
 1%    {res}     3291           3291
{txt} 5%    {res}     3748           3299
{txt}10%    {res}     3895           3667       {txt}Obs         {res}         74
{txt}25%    {res}     4195           3748       {txt}Sum of Wgt. {res}         74

{txt}50%    {res}   5006.5                      {txt}Mean          {res} 6165.257
                        {txt}Largest       Std. Dev.     {res} 2949.496
{txt}75%    {res}     6342          13466
{txt}90%    {res}    11385          13594       {txt}Variance      {res}  8699526
{txt}95%    {res}    13466          14500       {txt}Skewness      {res} 1.653434
{txt}99%    {res}    15906          15906       {txt}Kurtosis      {res} 4.819188

{com}. de

{txt}Contains data from {res}C:\Users\bella\Desktop\식자경4-2\정보처리분석\★정보처리분석 데이터\STATA 기초적 이해와 활용\auto.dta
{txt}  obs:{res}            74                          1978
                                                Automobile
                                                Data
{txt} vars:{res}            12                          26 Apr 2015 20:11
{txt} size:{res}         3,182                          (_dta has notes)
{txt}{hline}
              storage  display     value
variable name   type   format      label      variable label
{hline}
{p 0 48}{res}{bind:make           }{txt}{bind: str18  }{bind:{txt}%-18s      }{space 1}{bind:         }{bind:  }{res}{res}Make and Model{p_end}
{p 0 48}{bind:price          }{txt}{bind: int    }{bind:{txt}%8.0gc     }{space 1}{bind:         }{bind:  }{res}{res}Price{p_end}
{p 0 48}{bind:mpg            }{txt}{bind: int    }{bind:{txt}%8.0g      }{space 1}{bind:         }{bind:  }{res}{res}Mileage (mpg){p_end}
{p 0 48}{bind:rep78          }{txt}{bind: int    }{bind:{txt}%8.0g      }{space 1}{bind:         }{bind:  }{res}{res}Repair Record 1978{p_end}
{p 0 48}{bind:headroom       }{txt}{bind: float  }{bind:{txt}%6.1f      }{space 1}{bind:         }{bind:  }{res}{res}Headroom (in.){p_end}
{p 0 48}{bind:trunk          }{txt}{bind: int    }{bind:{txt}%8.0g      }{space 1}{bind:         }{bind:  }{res}{res}Trunk space (cu. ft.){p_end}
{p 0 48}{bind:weight         }{txt}{bind: int    }{bind:{txt}%8.0gc     }{space 1}{bind:         }{bind:  }{res}{res}Weight (lbs.){p_end}
{p 0 48}{bind:length         }{txt}{bind: int    }{bind:{txt}%8.0g      }{space 1}{bind:         }{bind:  }{res}{res}Length (in.){p_end}
{p 0 48}{bind:turn           }{txt}{bind: int    }{bind:{txt}%8.0g      }{space 1}{bind:         }{bind:  }{res}{res}Turn Circle (ft.) {p_end}
{p 0 48}{bind:displacement   }{txt}{bind: int    }{bind:{txt}%8.0g      }{space 1}{bind:         }{bind:  }{res}{res}Displacement (cu. in.){p_end}
{p 0 48}{bind:gear_ratio     }{txt}{bind: float  }{bind:{txt}%6.2f      }{space 1}{bind:         }{bind:  }{res}{res}Gear Ratio{p_end}
{p 0 48}{bind:foreign        }{txt}{bind: byte   }{bind:{txt}%8.0g      }{space 1}{bind:origin   }{bind:  }{res}{res}Car type{p_end}
{txt}{hline}
Sorted by:  {res}foreign

{com}. label variable price "자동차가격"

. label drop origin

. label define foreign foreignlabel
{err}invalid syntax
{txt}{search r(198):r(198);}

{com}. use "C:\Users\bella\Desktop\식자경4-2\정보처리분석\★정보처리분석 데이터\STATA 기초적 이해와 활용\data5_4.dta", clear
{txt}(Canadian dataset 2)

{com}. de

{txt}Contains data from {res}C:\Users\bella\Desktop\식자경4-2\정보처리분석\★정보처리분석 데이터\STATA 기초적 이해와 활용\data5_4.dta
{txt}  obs:{res}            13                          Canadian
                                                dataset 2
{txt} vars:{res}             6                          7 Mar 2009 17:24
{txt} size:{res}           494                          
{txt}{hline}
              storage  display     value
variable name   type   format      label      variable label
{hline}
{p 0 48}{res}{bind:place          }{txt}{bind: str21  }{bind:{txt}%21s       }{space 1}{bind:         }{bind:  }{res}{res}Place name{p_end}
{p 0 48}{bind:pop            }{txt}{bind: float  }{bind:{txt}%9.0g      }{space 1}{bind:         }{bind:  }{res}{res}Population in 1000s, 1995{p_end}
{p 0 48}{bind:unemp          }{txt}{bind: float  }{bind:{txt}%9.0g      }{space 1}{bind:         }{bind:  }{res}{res}% 15+ population unemployed, 1995{p_end}
{p 0 48}{bind:mlife          }{txt}{bind: float  }{bind:{txt}%9.0g      }{space 1}{bind:         }{bind:  }{res}{res}Male life expectancy years{p_end}
{p 0 48}{bind:flife          }{txt}{bind: float  }{bind:{txt}%9.0g      }{space 1}{bind:         }{bind:  }{res}{res}Female life expectancy years{p_end}
{p 0 48}{bind:type           }{txt}{bind: byte   }{bind:{txt}%9.0g      }{space 1}{bind:typelbl  }{bind:  }{res}{res}Province, territory or nation{p_end}
{txt}{hline}
Sorted by:  

{com}. gen ln_pop=log(pop)

. use "C:\Users\bella\Desktop\식자경4-2\정보처리분석\★정보처리분석 데이터\STATA 기초적 이해와 활용\data5_5.dta", clear

. de

{txt}Contains data from {res}C:\Users\bella\Desktop\식자경4-2\정보처리분석\★정보처리분석 데이터\STATA 기초적 이해와 활용\data5_5.dta
{txt}  obs:{res}            21                          
{txt} vars:{res}             3                          16 Oct 2008 13:01
{txt} size:{res}           378                          
{txt}{hline}
              storage  display     value
variable name   type   format      label      variable label
{hline}
{p 0 48}{res}{bind:day            }{txt}{bind: str10  }{bind:{txt}%10s       }{space 1}{bind:         }{bind:  }{res}{res}{p_end}
{p 0 48}{bind:begin          }{txt}{bind: float  }{bind:{txt}%9.0g      }{space 1}{bind:         }{bind:  }{res}{res}{p_end}
{p 0 48}{bind:day_1          }{txt}{bind: float  }{bind:{txt}%d         }{space 1}{bind:         }{bind:  }{res}{res}{p_end}
{txt}{hline}
Sorted by:  {res}day_1

{com}. de

{txt}Contains data from {res}C:\Users\bella\Desktop\식자경4-2\정보처리분석\★정보처리분석 데이터\STATA 기초적 이해와 활용\data5_5.dta
{txt}  obs:{res}            21                          
{txt} vars:{res}             3                          16 Oct 2008 13:01
{txt} size:{res}           378                          
{txt}{hline}
              storage  display     value
variable name   type   format      label      variable label
{hline}
{p 0 48}{res}{bind:day            }{txt}{bind: str10  }{bind:{txt}%10s       }{space 1}{bind:         }{bind:  }{res}{res}{p_end}
{p 0 48}{bind:begin          }{txt}{bind: float  }{bind:{txt}%9.0g      }{space 1}{bind:         }{bind:  }{res}{res}{p_end}
{p 0 48}{bind:day_1          }{txt}{bind: float  }{bind:{txt}%d         }{space 1}{bind:         }{bind:  }{res}{res}{p_end}
{txt}{hline}
Sorted by:  {res}day_1

{com}. gen begin_n1=begin(_n-1)
{err}unknown function begin()
{txt}{search r(133):r(133);}

{com}. gen begin_n1=begin[_n-1]
{txt}(1 missing value generated)

{com}. gen diff_begin=begin-begin_n1
{txt}(1 missing value generated)

{com}. gen return=100*(begin-begin_n1)
{txt}(1 missing value generated)

{com}. drop return

. gen return=100*(begin-begin_n1)/begin_n1
{txt}(1 missing value generated)

{com}. gen dum=return>0 if return~=.
{txt}(1 missing value generated)

{com}. replace dum=. if return==.
{txt}(0 real changes made)

{com}. list if dum >=.

     {txt}{c TLC}{hline 12}{c TT}{hline 9}{c TT}{hline 11}{c TT}{hline 10}{c TRC}
  1. {c |}        day {c |}   begin {c |}     day_1 {c |} begin_n1 {c |}
     {c |} {res}2007-01-02 {txt}{c |} {res}1438.89 {txt}{c |} {res}02jan2007 {txt}{c |} {res}       . {txt}{c |}
     {c LT}{hline 12}{c BT}{hline 3}{c TT}{hline 5}{c BT}{hline 9}{c TT}{hline 1}{c BT}{hline 10}{c RT}
     {c |}    diff_b~n    {c |}    return     {c |}    dum     {c |}
     {c |}    {res}       .    {txt}{c |}    {res}     .     {txt}{c |}    {res}  .     {txt}{c |}
     {c BLC}{hline 16}{c BT}{hline 15}{c BT}{hline 12}{c BRC}

{com}. use "C:\Users\bella\Desktop\식자경4-2\정보처리분석\★정보처리분석 데이터\STATA 기초적 이해와 활용\data5_4.dta", clear
{txt}(Canadian dataset 2)

{com}. de

{txt}Contains data from {res}C:\Users\bella\Desktop\식자경4-2\정보처리분석\★정보처리분석 데이터\STATA 기초적 이해와 활용\data5_4.dta
{txt}  obs:{res}            13                          Canadian
                                                dataset 2
{txt} vars:{res}             6                          7 Mar 2009 17:24
{txt} size:{res}           494                          
{txt}{hline}
              storage  display     value
variable name   type   format      label      variable label
{hline}
{p 0 48}{res}{bind:place          }{txt}{bind: str21  }{bind:{txt}%21s       }{space 1}{bind:         }{bind:  }{res}{res}Place name{p_end}
{p 0 48}{bind:pop            }{txt}{bind: float  }{bind:{txt}%9.0g      }{space 1}{bind:         }{bind:  }{res}{res}Population in 1000s, 1995{p_end}
{p 0 48}{bind:unemp          }{txt}{bind: float  }{bind:{txt}%9.0g      }{space 1}{bind:         }{bind:  }{res}{res}% 15+ population unemployed, 1995{p_end}
{p 0 48}{bind:mlife          }{txt}{bind: float  }{bind:{txt}%9.0g      }{space 1}{bind:         }{bind:  }{res}{res}Male life expectancy years{p_end}
{p 0 48}{bind:flife          }{txt}{bind: float  }{bind:{txt}%9.0g      }{space 1}{bind:         }{bind:  }{res}{res}Female life expectancy years{p_end}
{p 0 48}{bind:type           }{txt}{bind: byte   }{bind:{txt}%9.0g      }{space 1}{bind:typelbl  }{bind:  }{res}{res}Province, territory or nation{p_end}
{txt}{hline}
Sorted by:  

{com}. gen unemp 3=1 if unemp<9
{err}unemp already defined
{txt}{search r(110):r(110);}

{com}. gen unemp3=1 if unemp<9
{txt}(10 missing values generated)

{com}. replace unemp3=2 if unemp>=9&unemp<11
{txt}(3 real changes made)

{com}. replace unemp3=3 if unemp>=11&unemp<.
{txt}(5 real changes made)

{com}. clear

. use "C:\Users\bella\Desktop\식자경4-2\정보처리분석\★정보처리분석 데이터\STATA 기초적 이해와 활용\auto.dta", clear
{txt}(1978 Automobile Data)

{com}. de

{txt}Contains data from {res}C:\Users\bella\Desktop\식자경4-2\정보처리분석\★정보처리분석 데이터\STATA 기초적 이해와 활용\auto.dta
{txt}  obs:{res}            74                          1978
                                                Automobile
                                                Data
{txt} vars:{res}            12                          26 Apr 2015 20:11
{txt} size:{res}         3,182                          (_dta has notes)
{txt}{hline}
              storage  display     value
variable name   type   format      label      variable label
{hline}
{p 0 48}{res}{bind:make           }{txt}{bind: str18  }{bind:{txt}%-18s      }{space 1}{bind:         }{bind:  }{res}{res}Make and Model{p_end}
{p 0 48}{bind:price          }{txt}{bind: int    }{bind:{txt}%8.0gc     }{space 1}{bind:         }{bind:  }{res}{res}Price{p_end}
{p 0 48}{bind:mpg            }{txt}{bind: int    }{bind:{txt}%8.0g      }{space 1}{bind:         }{bind:  }{res}{res}Mileage (mpg){p_end}
{p 0 48}{bind:rep78          }{txt}{bind: int    }{bind:{txt}%8.0g      }{space 1}{bind:         }{bind:  }{res}{res}Repair Record 1978{p_end}
{p 0 48}{bind:headroom       }{txt}{bind: float  }{bind:{txt}%6.1f      }{space 1}{bind:         }{bind:  }{res}{res}Headroom (in.){p_end}
{p 0 48}{bind:trunk          }{txt}{bind: int    }{bind:{txt}%8.0g      }{space 1}{bind:         }{bind:  }{res}{res}Trunk space (cu. ft.){p_end}
{p 0 48}{bind:weight         }{txt}{bind: int    }{bind:{txt}%8.0gc     }{space 1}{bind:         }{bind:  }{res}{res}Weight (lbs.){p_end}
{p 0 48}{bind:length         }{txt}{bind: int    }{bind:{txt}%8.0g      }{space 1}{bind:         }{bind:  }{res}{res}Length (in.){p_end}
{p 0 48}{bind:turn           }{txt}{bind: int    }{bind:{txt}%8.0g      }{space 1}{bind:         }{bind:  }{res}{res}Turn Circle (ft.) {p_end}
{p 0 48}{bind:displacement   }{txt}{bind: int    }{bind:{txt}%8.0g      }{space 1}{bind:         }{bind:  }{res}{res}Displacement (cu. in.){p_end}
{p 0 48}{bind:gear_ratio     }{txt}{bind: float  }{bind:{txt}%6.2f      }{space 1}{bind:         }{bind:  }{res}{res}Gear Ratio{p_end}
{p 0 48}{bind:foreign        }{txt}{bind: byte   }{bind:{txt}%8.0g      }{space 1}{bind:origin   }{bind:  }{res}{res}Car type{p_end}
{txt}{hline}
Sorted by:  {res}foreign

{com}. ab race, gen(dum_race_)
{err}unrecognized command:  ab
{txt}{search r(199):r(199);}

{com}. tab race, gen(dum_race)
{err}variable race not found
{txt}{search r(111):r(111);}

{com}. sysuse nlsw88
{txt}(NLSW, 1988 extract)

{com}. tab  race, gen(dum_race_)

       {txt}race {c |}      Freq.     Percent        Cum.
{hline 12}{c +}{hline 35}
      white {c |}{res}      1,637       72.89       72.89
{txt}      black {c |}{res}        583       25.96       98.84
{txt}      other {c |}{res}         26        1.16      100.00
{txt}{hline 12}{c +}{hline 35}
      Total {c |}{res}      2,246      100.00

{com}. tab1 dum_race_1 dum_race_2 dum_race_3

{res}-> tabulation of dum_race_1  

{txt}race==white {c |}      Freq.     Percent        Cum.
{hline 12}{c +}{hline 35}
          0 {c |}{res}        609       27.11       27.11
{txt}          1 {c |}{res}      1,637       72.89      100.00
{txt}{hline 12}{c +}{hline 35}
      Total {c |}{res}      2,246      100.00

-> tabulation of dum_race_2  

{txt}race==black {c |}      Freq.     Percent        Cum.
{hline 12}{c +}{hline 35}
          0 {c |}{res}      1,663       74.04       74.04
{txt}          1 {c |}{res}        583       25.96      100.00
{txt}{hline 12}{c +}{hline 35}
      Total {c |}{res}      2,246      100.00

-> tabulation of dum_race_3  

{txt}race==other {c |}      Freq.     Percent        Cum.
{hline 12}{c +}{hline 35}
          0 {c |}{res}      2,220       98.84       98.84
{txt}          1 {c |}{res}         26        1.16      100.00
{txt}{hline 12}{c +}{hline 35}
      Total {c |}{res}      2,246      100.00

{com}. xi i.race noomit prefix(dum_)
{txt}i.race{col 19}_Irace_1-3{col 39}(naturally coded; _Irace_1 omitted)

{com}. use "C:\Users\bella\Desktop\식자경4-2\정보처리분석\★정보처리분석 데이터\STATA 기초적 이해와 활용\data6_1.dta", clear

. db egen

. use "C:\Users\bella\Desktop\식자경4-2\정보처리분석\★정보처리분석 데이터\STATA 기초적 이해와 활용\data6_7.dta", clear

. db stack

. stack year acr_jn yd_jn year acr_kb yd_kb year acr_kn yd_kn year acr_jj yd_jj, into(_stack)
{err}variable year not found
{txt}{search r(111):r(111);}

{com}. db stack

. stack state pop1970 area pop1980 area pop1990 area pop2000 area, into(_stack)
{txt}Warning:  data in memory will be lost.
         Press any key to continue, Ctrl-Break to abort.
{err}(memory cleared)
invalid syntax
{txt}{search r(110):r(110);}

{com}. use "C:\Users\bella\Desktop\식자경4-2\정보처리분석\★정보처리분석 데이터\STATA 기초적 이해와 활용\data6_7.dta", clear

. stack state  pop1970 area pop1980 area pop1990 area pop2000 area, group(4)
{err}9 variables cannot be stacked into 4 groups;
there would be 2.25 variables/group.
{txt}{search r(198):r(198);}

{com}. use "C:\Users\bella\Desktop\식자경4-2\정보처리분석\★정보처리분석 데이터\STATA 기초적 이해와 활용\data7_1.dta", clear
{txt}(VT town survey (Hamilton 1985))

{com}. de

{txt}Contains data from {res}C:\Users\bella\Desktop\식자경4-2\정보처리분석\★정보처리분석 데이터\STATA 기초적 이해와 활용\data7_1.dta
{txt}  obs:{res}           153                          VT town
                                                survey
                                                (Hamilton
                                                1985)
{txt} vars:{res}             7                          16 Oct 2008 15:56
{txt} size:{res}         1,071                          
{txt}{hline}
              storage  display     value
variable name   type   format      label      variable label
{hline}
{p 0 48}{res}{bind:gender         }{txt}{bind: byte   }{bind:{txt}%8.0g      }{space 1}{bind:sexlbl   }{bind:  }{res}{res}Respondent's gender{p_end}
{p 0 48}{bind:lived          }{txt}{bind: byte   }{bind:{txt}%8.0g      }{space 1}{bind:         }{bind:  }{res}{res}Years lived in town{p_end}
{p 0 48}{bind:kids           }{txt}{bind: byte   }{bind:{txt}%8.0g      }{space 1}{bind:kidlbl   }{bind:  }{res}{res}Have children <19 in town?{p_end}
{p 0 48}{bind:educ           }{txt}{bind: byte   }{bind:{txt}%8.0g      }{space 1}{bind:         }{bind:  }{res}{res}Highest year school completed{p_end}
{p 0 48}{bind:meetings       }{txt}{bind: byte   }{bind:{txt}%8.0g      }{space 1}{bind:kidlbl   }{bind:  }{res}{res}Attended meetings on pollution{p_end}
{p 0 48}{bind:contam         }{txt}{bind: byte   }{bind:{txt}%8.0g      }{space 1}{bind:contamlb }{bind:  }{res}{res}Believe own property/water contaminated{p_end}
{p 0 48}{bind:school         }{txt}{bind: byte   }{bind:{txt}%8.0g      }{space 1}{bind:close    }{bind:  }{res}{res}School closing opinion{p_end}
{txt}{hline}
Sorted by:  

{com}. su lived

{txt}    Variable {c |}       Obs        Mean    Std. Dev.       Min        Max
{hline 13}{c +}{hline 56}
{space 7}lived {c |}{res}       153    19.26797    16.95466          1         81

{com}. gen lived_s=(lived-r(mean))/r(sd)

. su lived_s

{txt}    Variable {c |}       Obs        Mean    Std. Dev.       Min        Max
{hline 13}{c +}{hline 56}
{space 5}lived_s {c |}{res}       153           0           1   -1.07746   3.641006

{com}. db tabstat

. table gender kids

{txt}{hline 10}{c TT}{hline 11}
          {c |}    Have   
          {c |}  children 
Responden {c |}   <19 in  
t's       {c |}   town?   
gender    {c |}   no   yes
{hline 10}{c +}{hline 11}
     male {c |}   {res}26    34
   {txt}female {c |}   {res}37    56
{txt}{hline 10}{c BT}{hline 11}

{com}. table gender kids, contents(mean lived median lived)

{txt}{hline 10}{c TT}{hline 17}
Responden {c |}Have children <19
t's       {c |}     in town?    
gender    {c |}      no      yes
{hline 10}{c +}{hline 17}
     male {c |} {res}32.0769  16.9118
          {txt}{c |}    {res}27.5       12
          {txt}{c |} 
   female {c |} {res}24.1892     11.5
          {txt}{c |}      {res}24        7
{txt}{hline 10}{c BT}{hline 17}

{com}. tab1 gender kids meetings

{res}-> tabulation of gender  

{txt}Respondent' {c |}
   s gender {c |}      Freq.     Percent        Cum.
{hline 12}{c +}{hline 35}
       male {c |}{res}         60       39.22       39.22
{txt}     female {c |}{res}         93       60.78      100.00
{txt}{hline 12}{c +}{hline 35}
      Total {c |}{res}        153      100.00

-> tabulation of kids  

       {txt}Have {c |}
   children {c |}
     <19 in {c |}
      town? {c |}      Freq.     Percent        Cum.
{hline 12}{c +}{hline 35}
         no {c |}{res}         63       41.18       41.18
{txt}        yes {c |}{res}         90       58.82      100.00
{txt}{hline 12}{c +}{hline 35}
      Total {c |}{res}        153      100.00

-> tabulation of meetings  

   {txt}Attended {c |}
meetings on {c |}
  pollution {c |}      Freq.     Percent        Cum.
{hline 12}{c +}{hline 35}
         no {c |}{res}        106       69.28       69.28
{txt}        yes {c |}{res}         47       30.72      100.00
{txt}{hline 12}{c +}{hline 35}
      Total {c |}{res}        153      100.00

{com}. tab2 gender kids meetings

{res}-> tabulation of gender by kids  

           {txt}{c |} Have children <19 in
Respondent {c |}         town?
 's gender {c |}        no        yes {c |}     Total
{hline 11}{c +}{hline 22}{c +}{hline 10}
      male {c |}{res}        26         34 {txt}{c |}{res}        60 
{txt}    female {c |}{res}        37         56 {txt}{c |}{res}        93 
{txt}{hline 11}{c +}{hline 22}{c +}{hline 10}
     Total {c |}{res}        63         90 {txt}{c |}{res}       153 


-> tabulation of gender by meetings  

           {txt}{c |} Attended meetings on
Respondent {c |}       pollution
 's gender {c |}        no        yes {c |}     Total
{hline 11}{c +}{hline 22}{c +}{hline 10}
      male {c |}{res}        42         18 {txt}{c |}{res}        60 
{txt}    female {c |}{res}        64         29 {txt}{c |}{res}        93 
{txt}{hline 11}{c +}{hline 22}{c +}{hline 10}
     Total {c |}{res}       106         47 {txt}{c |}{res}       153 


-> tabulation of kids by meetings  

      {txt}Have {c |}
  children {c |} Attended meetings on
    <19 in {c |}       pollution
     town? {c |}        no        yes {c |}     Total
{hline 11}{c +}{hline 22}{c +}{hline 10}
        no {c |}{res}        52         11 {txt}{c |}{res}        63 
{txt}       yes {c |}{res}        54         36 {txt}{c |}{res}        90 
{txt}{hline 11}{c +}{hline 22}{c +}{hline 10}
     Total {c |}{res}       106         47 {txt}{c |}{res}       153 


{com}. ci lived

{txt}    Variable {c |}        Obs        Mean    Std. Err.       [95% Conf. Interval]
{hline 13}{c +}{hline 63}
       lived {c |}{col 16}{res}       153{col 29} 19.26797{col 41} 1.370703{col 57} 16.55988{col 69} 21.97606{txt}

{com}. ci meetings, binomial

{txt}{col 58}{hline 2} Binomial Exact {hline 2}
    Variable {c |}        Obs        Mean    Std. Err.       [95% Conf. Interval]
{hline 13}{c +}{hline 63}
    meetings {c |}{col 16}{res}       153{col 29} .3071895{col 41} .0372962{col 57} .2352267{col 69} .3867946{txt}

{com}. ci meetins, binomial wald
{err}variable meetins not found
{txt}{search r(111):r(111);}

{com}. ci meetings, binomial wald

{txt}{col 58}{hline 2} Binomial Wald {hline 3}
    Variable {c |}        Obs        Mean    Std. Err.       [95% Conf. Interval]
{hline 13}{c +}{hline 63}
    meetings {c |}{col 16}{res}       153{col 29} .3071895{col 41} .0372962{col 57} .2340903{col 69} .3802888{txt}

{com}. clear

. use "C:\Users\bella\Desktop\식자경4-2\정보처리분석\★정보처리분석 데이터\STATA 기초적 이해와 활용\data7_3.dta", clear

. de

{txt}Contains data from {res}C:\Users\bella\Desktop\식자경4-2\정보처리분석\★정보처리분석 데이터\STATA 기초적 이해와 활용\data7_3.dta
{txt}  obs:{res}            19                          
{txt} vars:{res}             2                          16 Oct 2008 15:54
{txt} size:{res}            76                          
{txt}{hline}
              storage  display     value
variable name   type   format      label      variable label
{hline}
{p 0 48}{res}{bind:inc_female     }{txt}{bind: int    }{bind:{txt}%8.0g      }{space 1}{bind:         }{bind:  }{res}{res}income_07{p_end}
{p 0 48}{bind:inc_male       }{txt}{bind: int    }{bind:{txt}%8.0g      }{space 1}{bind:         }{bind:  }{res}{res}income_07{p_end}
{txt}{hline}
Sorted by:  

{com}. ttest inc_male == 3000

{txt}One-sample t test
{hline 9}{c TT}{hline 68}
Variable{col 10}{c |}{col 16}Obs{col 27}Mean{col 35}Std. Err.{col 47}Std. Dev.{col 59}[95% Conf. Interval]
{hline 9}{c +}{hline 68}
inc_male {c |}{res}{col 12}     19{col 22}     2728{col 34} 508.9954{col 46} 2218.659{col 58}  1658.64{col 70}  3797.36
{txt}{hline 9}{c BT}{hline 68}
    mean = mean({res}inc_male{txt})                                         t = {res} -0.5344
{txt}Ho: mean = {res}3000                                  {txt}degrees of freedom = {res}      18

   {txt}Ha: mean < {res}3000             {txt}Ha: mean != {res}3000               {txt}Ha: mean > {res}3000
 {txt}Pr(T < t) = {res}0.2998         {txt}Pr(|T| > |t|) = {res}0.5996          {txt}Pr(T > t) = {res}0.7002

{com}. ttest inc_female == inc_male, unpaired

{txt}Two-sample t test with equal variances
{hline 9}{c TT}{hline 68}
Variable{col 10}{c |}{col 16}Obs{col 27}Mean{col 35}Std. Err.{col 47}Std. Dev.{col 59}[95% Conf. Interval]
{hline 9}{c +}{hline 68}
inc_fe~e {c |}{res}{col 12}     14{col 22} 2272.714{col 34} 674.6932{col 46} 2524.471{col 58} 815.1283{col 70}   3730.3
{txt}inc_male {c |}{res}{col 12}     19{col 22}     2728{col 34} 508.9954{col 46} 2218.659{col 58}  1658.64{col 70}  3797.36
{txt}{hline 9}{c +}{hline 68}
combined {c |}{res}{col 12}     33{col 22} 2534.848{col 34} 404.8982{col 46} 2325.963{col 58} 1710.098{col 70} 3359.599
{txt}{hline 9}{c +}{hline 68}
    diff {c |}{res}{col 22}-455.2857{col 34} 828.3372{col 58}-2144.691{col 70} 1234.119
{txt}{hline 9}{c BT}{hline 68}
    diff = mean({res}inc_female{txt}) - mean({res}inc_male{txt})                      t = {res} -0.5496
{txt}Ho: diff = 0                                     degrees of freedom = {res}      31

    {txt}Ha: diff < 0                 Ha: diff != 0                 Ha: diff > 0
 Pr(T < t) = {res}0.2933         {txt}Pr(|T| > |t|) = {res}0.5865          {txt}Pr(T > t) = {res}0.7067

{com}. use "C:\Users\bella\Desktop\식자경4-2\정보처리분석\★정보처리분석 데이터\STATA 기초적 이해와 활용\data7_4.dta", clear

. de

{txt}Contains data from {res}C:\Users\bella\Desktop\식자경4-2\정보처리분석\★정보처리분석 데이터\STATA 기초적 이해와 활용\data7_4.dta
{txt}  obs:{res}             5                          
{txt} vars:{res}             2                          16 Oct 2008 15:54
{txt} size:{res}            10                          
{txt}{hline}
              storage  display     value
variable name   type   format      label      variable label
{hline}
{p 0 48}{res}{bind:husband        }{txt}{bind: byte   }{bind:{txt}%8.0g      }{space 1}{bind:         }{bind:  }{res}{res}time spent on household chores last week{p_end}
{p 0 48}{bind:wife           }{txt}{bind: byte   }{bind:{txt}%8.0g      }{space 1}{bind:         }{bind:  }{res}{res}{p_end}
{txt}{hline}
Sorted by:  

{com}. ttest husband == wife

{txt}Paired t test
{hline 9}{c TT}{hline 68}
Variable{col 10}{c |}{col 16}Obs{col 27}Mean{col 35}Std. Err.{col 47}Std. Dev.{col 59}[95% Conf. Interval]
{hline 9}{c +}{hline 68}
 husband {c |}{res}{col 12}      5{col 22}     13.8{col 34} 1.984943{col 46} 4.438468{col 58} 8.288914{col 70} 19.31109
    {txt}wife {c |}{res}{col 12}      5{col 22}       36{col 34} 2.774887{col 46} 6.204837{col 58} 28.29568{col 70} 43.70432
{txt}{hline 9}{c +}{hline 68}
    diff {c |}{res}{col 12}      5{col 22}    -22.2{col 34} 2.177154{col 46} 4.868265{col 58}-28.24475{col 70}-16.15525
{txt}{hline 9}{c BT}{hline 68}
     mean(diff) = mean({res}husband{txt} - {res}wife{txt})                            t = {res}-10.1968
{txt} Ho: mean(diff) = 0                              degrees of freedom = {res}       4

 {txt}Ha: mean(diff) < 0           Ha: mean(diff) != 0           Ha: mean(diff) > 0
 Pr(T < t) = {res}0.0003         {txt}Pr(|T| > |t|) = {res}0.0005          {txt}Pr(T > t) = {res}0.9997

{com}. clear

. use "C:\Users\bella\Desktop\식자경4-2\정보처리분석\★정보처리분석 데이터\STATA 기초통계와 회귀분석\R_data2_2.dta", clear

. de

{txt}Contains data from {res}C:\Users\bella\Desktop\식자경4-2\정보처리분석\★정보처리분석 데이터\STATA 기초통계와 회귀분석\R_data2_2.dta
{txt}  obs:{res}            30                          
{txt} vars:{res}             2                          11 Feb 2009 20:44
{txt} size:{res}            60                          
{txt}{hline}
              storage  display     value
variable name   type   format      label      variable label
{hline}
{p 0 48}{res}{bind:treat          }{txt}{bind: byte   }{bind:{txt}%8.0g      }{space 1}{bind:         }{bind:  }{res}{res}Treatment Group: 1 is a success{p_end}
{p 0 48}{bind:control        }{txt}{bind: byte   }{bind:{txt}%8.0g      }{space 1}{bind:         }{bind:  }{res}{res}Control Group: 1 is a Success{p_end}
{txt}{hline}
Sorted by:  

{com}. prtest treat==control

{txt}Two-sample test of proportions                 {res}treat{txt}: Number of obs = {res}      30
                                             control{txt}: Number of obs = {res}      30
{txt}{hline 13}{c TT}{hline 64}
    Variable {c |}{col 22}Mean{col 29}Std. Err.{col 44}z{col 49}P>|z|{col 59}[95% Conf. Interval]
{hline 13}{c +}{hline 64}
{col 8}treat{col 14}{c |}{res}{col 17}       .6{col 28} .0894427{col 58} .4246955{col 70} .7753045
     {txt}control {c |}{res}{col 17} .3333333{col 28} .0860663{col 58} .1646465{col 70} .5020202
{txt}{hline 13}{c +}{hline 64}
        diff {c |}{res}{col 17} .2666667{col 28} .1241266{col 58}  .023383{col 70} .5099503
{txt}{col 14}{c |}{col 17}under Ho:{res}{col 28} .1288122{col 38}    2.07{col 49}0.038
{txt}{hline 13}{c BT}{hline 64}
        diff = prop({res}treat{txt}) - prop({res}control{txt})                        z = {res}  2.0702
{txt}    Ho: diff = 0

    Ha: diff < 0                 Ha: diff != 0                 Ha: diff > 0
 Pr(Z < z) = {res}0.9808         {txt}Pr(|Z| < |z|) = {res}0.0384          {txt}Pr(Z > z) = {res}0.0192

{com}. stack treat control, into(cure)
{txt}Warning:  data in memory will be lost.
         Press any key to continue, Ctrl-Break to abort.

{com}. use "C:\Users\bella\Desktop\식자경4-2\정보처리분석\★정보처리분석 데이터\STATA 기초적 이해와 활용\data7_3.dta", clear

. de

{txt}Contains data from {res}C:\Users\bella\Desktop\식자경4-2\정보처리분석\★정보처리분석 데이터\STATA 기초적 이해와 활용\data7_3.dta
{txt}  obs:{res}            19                          
{txt} vars:{res}             2                          16 Oct 2008 15:54
{txt} size:{res}            76                          
{txt}{hline}
              storage  display     value
variable name   type   format      label      variable label
{hline}
{p 0 48}{res}{bind:inc_female     }{txt}{bind: int    }{bind:{txt}%8.0g      }{space 1}{bind:         }{bind:  }{res}{res}income_07{p_end}
{p 0 48}{bind:inc_male       }{txt}{bind: int    }{bind:{txt}%8.0g      }{space 1}{bind:         }{bind:  }{res}{res}income_07{p_end}
{txt}{hline}
Sorted by:  

{com}. ttest inc_female == inc_male, unpaired

{txt}Two-sample t test with equal variances
{hline 9}{c TT}{hline 68}
Variable{col 10}{c |}{col 16}Obs{col 27}Mean{col 35}Std. Err.{col 47}Std. Dev.{col 59}[95% Conf. Interval]
{hline 9}{c +}{hline 68}
inc_fe~e {c |}{res}{col 12}     14{col 22} 2272.714{col 34} 674.6932{col 46} 2524.471{col 58} 815.1283{col 70}   3730.3
{txt}inc_male {c |}{res}{col 12}     19{col 22}     2728{col 34} 508.9954{col 46} 2218.659{col 58}  1658.64{col 70}  3797.36
{txt}{hline 9}{c +}{hline 68}
combined {c |}{res}{col 12}     33{col 22} 2534.848{col 34} 404.8982{col 46} 2325.963{col 58} 1710.098{col 70} 3359.599
{txt}{hline 9}{c +}{hline 68}
    diff {c |}{res}{col 22}-455.2857{col 34} 828.3372{col 58}-2144.691{col 70} 1234.119
{txt}{hline 9}{c BT}{hline 68}
    diff = mean({res}inc_female{txt}) - mean({res}inc_male{txt})                      t = {res} -0.5496
{txt}Ho: diff = 0                                     degrees of freedom = {res}      31

    {txt}Ha: diff < 0                 Ha: diff != 0                 Ha: diff > 0
 Pr(T < t) = {res}0.2933         {txt}Pr(|T| > |t|) = {res}0.5865          {txt}Pr(T > t) = {res}0.7067

{com}. stack inc_female inc_male, into(income)
{txt}Warning:  data in memory will be lost.
         Press any key to continue, Ctrl-Break to abort.

{com}. ttest income, by(_stack)

{txt}Two-sample t test with equal variances
{hline 9}{c TT}{hline 68}
   Group{col 10}{c |}{col 16}Obs{col 27}Mean{col 35}Std. Err.{col 47}Std. Dev.{col 59}[95% Conf. Interval]
{hline 9}{c +}{hline 68}
       1 {c |}{res}{col 12}     14{col 22} 2272.714{col 34} 674.6932{col 46} 2524.471{col 58} 815.1283{col 70}   3730.3
       {txt}2 {c |}{res}{col 12}     19{col 22}     2728{col 34} 508.9954{col 46} 2218.659{col 58}  1658.64{col 70}  3797.36
{txt}{hline 9}{c +}{hline 68}
combined {c |}{res}{col 12}     33{col 22} 2534.848{col 34} 404.8982{col 46} 2325.963{col 58} 1710.098{col 70} 3359.599
{txt}{hline 9}{c +}{hline 68}
    diff {c |}{res}{col 22}-455.2857{col 34} 828.3372{col 58}-2144.691{col 70} 1234.119
{txt}{hline 9}{c BT}{hline 68}
    diff = mean({res}1{txt}) - mean({res}2{txt})                                      t = {res} -0.5496
{txt}Ho: diff = 0                                     degrees of freedom = {res}      31

    {txt}Ha: diff < 0                 Ha: diff != 0                 Ha: diff > 0
 Pr(T < t) = {res}0.2933         {txt}Pr(|T| > |t|) = {res}0.5865          {txt}Pr(T > t) = {res}0.7067

{com}. use "C:\Users\bella\Desktop\식자경4-2\정보처리분석\★정보처리분석 데이터\STATA 기초통계와 회귀분석\R_data2_1.dta", clear

. de

{txt}Contains data from {res}C:\Users\bella\Desktop\식자경4-2\정보처리분석\★정보처리분석 데이터\STATA 기초통계와 회귀분석\R_data2_1.dta
{txt}  obs:{res}         2,765                          
{txt} vars:{res}             9                          11 Feb 2009 20:44
{txt} size:{res}        27,650                          
{txt}{hline}
              storage  display     value
variable name   type   format      label      variable label
{hline}
{p 0 48}{res}{bind:id             }{txt}{bind: int    }{bind:{txt}%8.0g      }{space 1}{bind:         }{bind:  }{res}{res}respondnt id number{p_end}
{p 0 48}{bind:wrkstat        }{txt}{bind: byte   }{bind:{txt}%8.0g      }{space 1}{bind:wrkstat  }{bind:  }{res}{res}labor frce status{p_end}
{p 0 48}{bind:hrs1           }{txt}{bind: byte   }{bind:{txt}%8.0g      }{space 1}{bind:hrs1     }{bind:  }{res}{res}number of hours worked last week{p_end}
{p 0 48}{bind:paeduc         }{txt}{bind: byte   }{bind:{txt}%8.0g      }{space 1}{bind:paeduc   }{bind:  }{res}{res}highest year school completed, father{p_end}
{p 0 48}{bind:maeduc         }{txt}{bind: byte   }{bind:{txt}%8.0g      }{space 1}{bind:maeduc   }{bind:  }{res}{res}highest year school completed, mother{p_end}
{p 0 48}{bind:sex            }{txt}{bind: byte   }{bind:{txt}%8.0g      }{space 1}{bind:sex      }{bind:  }{res}{res}respondents sex{p_end}
{p 0 48}{bind:rincom98       }{txt}{bind: byte   }{bind:{txt}%8.0g      }{space 1}{bind:rincom98 }{bind:  }{res}{res}respondents income{p_end}
{p 0 48}{bind:prayer         }{txt}{bind: byte   }{bind:{txt}%8.0g      }{space 1}{bind:prayer   }{bind:  }{res}{res}bible prayer in public schools{p_end}
{p 0 48}{bind:abany          }{txt}{bind: byte   }{bind:{txt}%8.0g      }{space 1}{bind:abany    }{bind:  }{res}{res}abortion if woman wants for any reason{p_end}
{txt}{hline}
Sorted by:  

{com}. tab abany

{txt}abortion if {c |}
woman wants {c |}
    for any {c |}
     reason {c |}      Freq.     Percent        Cum.
{hline 12}{c +}{hline 35}
        yes {c |}{res}        387       43.00       43.00
{txt}         no {c |}{res}        513       57.00      100.00
{txt}{hline 12}{c +}{hline 35}
      Total {c |}{res}        900      100.00

{com}. tab abany nolabel
{err}variable nolabel not found
{txt}{search r(111):r(111);}

{com}. tab abany, nolabel

{txt}abortion if {c |}
woman wants {c |}
    for any {c |}
     reason {c |}      Freq.     Percent        Cum.
{hline 12}{c +}{hline 35}
          1 {c |}{res}        387       43.00       43.00
{txt}          2 {c |}{res}        513       57.00      100.00
{txt}{hline 12}{c +}{hline 35}
      Total {c |}{res}        900      100.00

{com}. recode abany (2=0), gen(abany1)
{txt}(513 differences between abany and abany1)

{com}. prtest abany1==0.5

{txt}One-sample test of proportion                 {res}abany1{txt}: Number of obs = {res}     900
{txt}{hline 13}{c TT}{hline 64}
    Variable {c |}{col 22}Mean{col 29}Std. Err.{col 44}{col 49}{col 59}[95% Conf. Interval]
{hline 13}{c +}{hline 64}
{col 7}abany1{col 14}{c |}{res}{col 17}      .43{col 28} .0165025{col 58} .3976556{col 70} .4623444
{txt}{hline 13}{c BT}{hline 64}
    p = proportion({res}abany1{txt})                                        z = {res} -4.2000
{txt}Ho: p = {res}0.5

     {txt}Ha: p < {res}0.5                 {txt}Ha: p != {res}0.5                   {txt}Ha: p > {res}0.5
 {txt}Pr(Z < z) = {res}0.0000         {txt}Pr(|Z| > |z|) = {res}0.0000          {txt}Pr(Z > z) = {res}1.0000

{com}. use "C:\Users\bella\Desktop\식자경4-2\정보처리분석\★정보처리분석 데이터\STATA 기초통계와 회귀분석\R_data2_2.dta", clear

. de

{txt}Contains data from {res}C:\Users\bella\Desktop\식자경4-2\정보처리분석\★정보처리분석 데이터\STATA 기초통계와 회귀분석\R_data2_2.dta
{txt}  obs:{res}            30                          
{txt} vars:{res}             2                          11 Feb 2009 20:44
{txt} size:{res}            60                          
{txt}{hline}
              storage  display     value
variable name   type   format      label      variable label
{hline}
{p 0 48}{res}{bind:treat          }{txt}{bind: byte   }{bind:{txt}%8.0g      }{space 1}{bind:         }{bind:  }{res}{res}Treatment Group: 1 is a success{p_end}
{p 0 48}{bind:control        }{txt}{bind: byte   }{bind:{txt}%8.0g      }{space 1}{bind:         }{bind:  }{res}{res}Control Group: 1 is a Success{p_end}
{txt}{hline}
Sorted by:  

{com}. prtest treat==control

{txt}Two-sample test of proportions                 {res}treat{txt}: Number of obs = {res}      30
                                             control{txt}: Number of obs = {res}      30
{txt}{hline 13}{c TT}{hline 64}
    Variable {c |}{col 22}Mean{col 29}Std. Err.{col 44}z{col 49}P>|z|{col 59}[95% Conf. Interval]
{hline 13}{c +}{hline 64}
{col 8}treat{col 14}{c |}{res}{col 17}       .6{col 28} .0894427{col 58} .4246955{col 70} .7753045
     {txt}control {c |}{res}{col 17} .3333333{col 28} .0860663{col 58} .1646465{col 70} .5020202
{txt}{hline 13}{c +}{hline 64}
        diff {c |}{res}{col 17} .2666667{col 28} .1241266{col 58}  .023383{col 70} .5099503
{txt}{col 14}{c |}{col 17}under Ho:{res}{col 28} .1288122{col 38}    2.07{col 49}0.038
{txt}{hline 13}{c BT}{hline 64}
        diff = prop({res}treat{txt}) - prop({res}control{txt})                        z = {res}  2.0702
{txt}    Ho: diff = 0

    Ha: diff < 0                 Ha: diff != 0                 Ha: diff > 0
 Pr(Z < z) = {res}0.9808         {txt}Pr(|Z| < |z|) = {res}0.0384          {txt}Pr(Z > z) = {res}0.0192

{com}. use "C:\Users\bella\Desktop\식자경4-2\정보처리분석\★정보처리분석 데이터\STATA 기초통계와 회귀분석\R_data2_1.dta", clear

. de

{txt}Contains data from {res}C:\Users\bella\Desktop\식자경4-2\정보처리분석\★정보처리분석 데이터\STATA 기초통계와 회귀분석\R_data2_1.dta
{txt}  obs:{res}         2,765                          
{txt} vars:{res}             9                          11 Feb 2009 20:44
{txt} size:{res}        27,650                          
{txt}{hline}
              storage  display     value
variable name   type   format      label      variable label
{hline}
{p 0 48}{res}{bind:id             }{txt}{bind: int    }{bind:{txt}%8.0g      }{space 1}{bind:         }{bind:  }{res}{res}respondnt id number{p_end}
{p 0 48}{bind:wrkstat        }{txt}{bind: byte   }{bind:{txt}%8.0g      }{space 1}{bind:wrkstat  }{bind:  }{res}{res}labor frce status{p_end}
{p 0 48}{bind:hrs1           }{txt}{bind: byte   }{bind:{txt}%8.0g      }{space 1}{bind:hrs1     }{bind:  }{res}{res}number of hours worked last week{p_end}
{p 0 48}{bind:paeduc         }{txt}{bind: byte   }{bind:{txt}%8.0g      }{space 1}{bind:paeduc   }{bind:  }{res}{res}highest year school completed, father{p_end}
{p 0 48}{bind:maeduc         }{txt}{bind: byte   }{bind:{txt}%8.0g      }{space 1}{bind:maeduc   }{bind:  }{res}{res}highest year school completed, mother{p_end}
{p 0 48}{bind:sex            }{txt}{bind: byte   }{bind:{txt}%8.0g      }{space 1}{bind:sex      }{bind:  }{res}{res}respondents sex{p_end}
{p 0 48}{bind:rincom98       }{txt}{bind: byte   }{bind:{txt}%8.0g      }{space 1}{bind:rincom98 }{bind:  }{res}{res}respondents income{p_end}
{p 0 48}{bind:prayer         }{txt}{bind: byte   }{bind:{txt}%8.0g      }{space 1}{bind:prayer   }{bind:  }{res}{res}bible prayer in public schools{p_end}
{p 0 48}{bind:abany          }{txt}{bind: byte   }{bind:{txt}%8.0g      }{space 1}{bind:abany    }{bind:  }{res}{res}abortion if woman wants for any reason{p_end}
{txt}{hline}
Sorted by:  

{com}. ttest sex == 14

{txt}One-sample t test
{hline 9}{c TT}{hline 68}
Variable{col 10}{c |}{col 16}Obs{col 27}Mean{col 35}Std. Err.{col 47}Std. Dev.{col 59}[95% Conf. Interval]
{hline 9}{c +}{hline 68}
     sex {c |}{res}{col 12}   2765{col 22} 1.555877{col 34} .0094509{col 46} .4969578{col 58} 1.537346{col 70} 1.574409
{txt}{hline 9}{c BT}{hline 68}
    mean = mean({res}sex{txt})                                              t = {res}-1.3e+03
{txt}Ho: mean = {res}14                                    {txt}degrees of freedom = {res}    2764

    {txt}Ha: mean < {res}14               {txt}Ha: mean != {res}14                 {txt}Ha: mean > {res}14
 {txt}Pr(T < t) = {res}0.0000         {txt}Pr(|T| > |t|) = {res}0.0000          {txt}Pr(T > t) = {res}1.0000

{com}. use "C:\Users\bella\Desktop\식자경4-2\정보처리분석\★정보처리분석 데이터\STATA 기초통계와 회귀분석\R_data2_4.dta", clear

. sdtest inc_male==inc_female

{txt}Variance ratio test
{hline 9}{c TT}{hline 68}
Variable{col 10}{c |}{col 16}Obs{col 27}Mean{col 35}Std. Err.{col 47}Std. Dev.{col 59}[95% Conf. Interval]
{hline 9}{c +}{hline 68}
inc_male {c |}{res}{col 12}     19{col 22}     2728{col 34} 508.9954{col 46} 2218.659{col 58}  1658.64{col 70}  3797.36
{txt}inc_fe~e {c |}{res}{col 12}     14{col 22} 2272.714{col 34} 674.6932{col 46} 2524.471{col 58} 815.1283{col 70}   3730.3
{txt}{hline 9}{c +}{hline 68}
combined {c |}{res}{col 12}     33{col 22} 2534.848{col 34} 404.8982{col 46} 2325.963{col 58} 1710.098{col 70} 3359.599
{txt}{hline 9}{c BT}{hline 68}
    ratio = sd({res}inc_male{txt}) / sd({res}inc_female{txt})                         f = {res}  0.7724
{txt}Ho: ratio = 1                                    degrees of freedom =   {res}18, 13

    {txt}Ha: ratio < 1               Ha: ratio != 1                 Ha: ratio > 1
  Pr(F < f) = {res}0.3000         {txt}2*Pr(F < f) = {res}0.6001        {txt}   Pr(F > f) = {res}0.7000

{com}. use "C:\Users\bella\Desktop\식자경4-2\정보처리분석\★정보처리분석 데이터\STATA 기초통계와 회귀분석\R_data3_1.dta", clear

. de

{txt}Contains data from {res}C:\Users\bella\Desktop\식자경4-2\정보처리분석\★정보처리분석 데이터\STATA 기초통계와 회귀분석\R_data3_1.dta
{txt}  obs:{res}            14                          
{txt} vars:{res}             8                          8 May 2009 10:32
{txt} size:{res}           112                          
{txt}{hline}
              storage  display     value
variable name   type   format      label      variable label
{hline}
{p 0 48}{res}{bind:stemcell_1     }{txt}{bind: byte   }{bind:{txt}%8.0g      }{space 1}{bind:         }{bind:  }{res}{res}{p_end}
{p 0 48}{bind:female_1       }{txt}{bind: byte   }{bind:{txt}%8.0g      }{space 1}{bind:         }{bind:  }{res}{res}{p_end}
{p 0 48}{bind:stemcell_2     }{txt}{bind: byte   }{bind:{txt}%8.0g      }{space 1}{bind:         }{bind:  }{res}{res}{p_end}
{p 0 48}{bind:female_2       }{txt}{bind: byte   }{bind:{txt}%8.0g      }{space 1}{bind:         }{bind:  }{res}{res}{p_end}
{p 0 48}{bind:stemcell_3     }{txt}{bind: byte   }{bind:{txt}%8.0g      }{space 1}{bind:         }{bind:  }{res}{res}{p_end}
{p 0 48}{bind:female_3       }{txt}{bind: byte   }{bind:{txt}%8.0g      }{space 1}{bind:         }{bind:  }{res}{res}{p_end}
{p 0 48}{bind:stemcell_4     }{txt}{bind: byte   }{bind:{txt}%8.0g      }{space 1}{bind:         }{bind:  }{res}{res}{p_end}
{p 0 48}{bind:female_4       }{txt}{bind: byte   }{bind:{txt}%8.0g      }{space 1}{bind:         }{bind:  }{res}{res}{p_end}
{txt}{hline}
Sorted by:  

{com}. stack stemcell_1 female_1  stemcell_2 female_2 stemcell_3 female_3 stemcell_4  female_4, group(4)
{txt}Warning:  data in memory will be lost.
         Press any key to continue, Ctrl-Break to abort.

{com}. rename (_stack stemcell_1 female_1) (party stemcell female)
{res}
{com}. drop if stemcell==.
{txt}(10 observations deleted)

{com}. oneway stemcell party

                        {txt}Analysis of Variance
    Source              SS         df      MS            F     Prob > F
{hline 72}
Between groups     {res} 92.7028986      3   30.9009662     12.46     0.0000
{txt} Within groups     {res} 104.166667     42   2.48015873
{txt}{hline 72}
    Total          {res} 196.869565     45   4.37487923

{txt}Bartlett's test for equal variances:  chi2({res}3{txt}) = {res} 20.1167{txt}  Prob>chi2 = {res}0.000

{com}. oneway stemcell party, bonferroni

                        {txt}Analysis of Variance
    Source              SS         df      MS            F     Prob > F
{hline 72}
Between groups     {res} 92.7028986      3   30.9009662     12.46     0.0000
{txt} Within groups     {res} 104.166667     42   2.48015873
{txt}{hline 72}
    Total          {res} 196.869565     45   4.37487923

{txt}Bartlett's test for equal variances:  chi2({res}3{txt}) = {res} 20.1167{txt}  Prob>chi2 = {res}0.000

                       {txt}Comparison of stemcell by party
                                (Bonferroni)
Row Mean-{c |}
Col Mean {c |}          1          2          3
{hline 9}{c +}{hline 33}
       2 {c |}   {res}-3.33333
         {txt}{c |}  {res}    0.000
         {txt}{c |}
       3 {c |}   {res}      -1    2.33333
         {txt}{c |}  {res}    0.684      0.003
         {txt}{c |}
       4 {c |}   {res}   -3.25    .083333      -2.25
         {txt}{c |}  {res}    0.000      1.000      0.015

{com}. anova stemcell party female party#femaleS
{err}variable femaleS not found
{txt}{search r(111):r(111);}

{com}. anova stemcell party female party#female

                           {txt}Number of obs ={res}      46     {txt}R-squared     ={res}  0.5897
                           {txt}Root MSE      ={res} 1.45805     {txt}Adj R-squared ={res}  0.5141

                  {txt}Source {c |}  Partial SS    df       MS           F     Prob > F
            {hline 13}{c +}{hline 52}
                   Model {c |} {res} 116.085438     7   16.583634       7.80     0.0000
                         {txt}{c |}
                   party {c |} {res} 81.8894916     3  27.2964972      12.84     0.0000
{txt}                  female {c |} {res} .061799732     1  .061799732       0.03     0.8655
{txt}            party#female {c |} {res} 23.0231814     3   7.6743938       3.61     0.0218
                         {txt}{c |}
                Residual {c |} {res}  80.784127    38  2.12589808   
            {txt}{hline 13}{c +}{hline 52}
                   Total {c |} {res} 196.869565    45  4.37487923   

{com}. log close
      {txt}name:  {res}<unnamed>
       {txt}log:  {res}C:\Users\bella\Desktop\식자경4-2\정보처리분석\log\20211020log.smcl
  {txt}log type:  {res}smcl
 {txt}closed on:  {res}20 Oct 2021, 01:35:44
{txt}{.-}
{smcl}
{txt}{sf}{ul off}